/*C2*/SET SCHEMA PUBLIC
INSERT INTO PERSON VALUES('00000002','student2',22,TRUE,1995,'1995-01-01')
COMMIT
create table personmem(id char(8),name varchar(8),age int, undergraduate boolean,birthyear numeric(4,0),birthdate date, primary key(id))
DISCONNECT
